// Jest Snapshot v1, https://goo.gl/fbAQLP

exports[`ValidationForm component snapshot snapshot 1`] = `
Object {
  "asFragment": [Function],
  "baseElement": <body>
    <div>
      <div
        class="wrap"
      >
        <form
          action="#"
          class="mainForm"
        >
          <div
            class="mainFormName"
          >
            <h4>
              Name: 
            </h4>
            <input
              name="name"
              value=""
            />
          </div>
          <div
            class="mainFormSurname"
          >
            <h4>
              Surname: 
            </h4>
            <input
              name="surname"
              value=""
            />
          </div>
          <div
            class="mainFormAge"
          >
            <h4>
              Age: 
            </h4>
            <input
              name="age"
              value=""
            />
          </div>
          <div
            class="mainFormAddress"
          >
            <h4>
              Address: 
            </h4>
            <input
              name="address"
              value=""
            />
          </div>
          <div
            class="mainFormName"
          >
            <h4>
              Phone: 
            </h4>
            <div>
              <input
                inputmode="numeric"
                name="phone"
                type="text"
                value="(###)###-##-##"
              />
            </div>
          </div>
          <button
            class="buttonForm"
            type="submit"
          >
            Checkout
          </button>
        </form>
      </div>
    </div>
  </body>,
  "container": <div>
    <div
      class="wrap"
    >
      <form
        action="#"
        class="mainForm"
      >
        <div
          class="mainFormName"
        >
          <h4>
            Name: 
          </h4>
          <input
            name="name"
            value=""
          />
        </div>
        <div
          class="mainFormSurname"
        >
          <h4>
            Surname: 
          </h4>
          <input
            name="surname"
            value=""
          />
        </div>
        <div
          class="mainFormAge"
        >
          <h4>
            Age: 
          </h4>
          <input
            name="age"
            value=""
          />
        </div>
        <div
          class="mainFormAddress"
        >
          <h4>
            Address: 
          </h4>
          <input
            name="address"
            value=""
          />
        </div>
        <div
          class="mainFormName"
        >
          <h4>
            Phone: 
          </h4>
          <div>
            <input
              inputmode="numeric"
              name="phone"
              type="text"
              value="(###)###-##-##"
            />
          </div>
        </div>
        <button
          class="buttonForm"
          type="submit"
        >
          Checkout
        </button>
      </form>
    </div>
  </div>,
  "debug": [Function],
  "findAllByAltText": [Function],
  "findAllByDisplayValue": [Function],
  "findAllByLabelText": [Function],
  "findAllByPlaceholderText": [Function],
  "findAllByRole": [Function],
  "findAllByTestId": [Function],
  "findAllByText": [Function],
  "findAllByTitle": [Function],
  "findByAltText": [Function],
  "findByDisplayValue": [Function],
  "findByLabelText": [Function],
  "findByPlaceholderText": [Function],
  "findByRole": [Function],
  "findByTestId": [Function],
  "findByText": [Function],
  "findByTitle": [Function],
  "getAllByAltText": [Function],
  "getAllByDisplayValue": [Function],
  "getAllByLabelText": [Function],
  "getAllByPlaceholderText": [Function],
  "getAllByRole": [Function],
  "getAllByTestId": [Function],
  "getAllByText": [Function],
  "getAllByTitle": [Function],
  "getByAltText": [Function],
  "getByDisplayValue": [Function],
  "getByLabelText": [Function],
  "getByPlaceholderText": [Function],
  "getByRole": [Function],
  "getByTestId": [Function],
  "getByText": [Function],
  "getByTitle": [Function],
  "queryAllByAltText": [Function],
  "queryAllByDisplayValue": [Function],
  "queryAllByLabelText": [Function],
  "queryAllByPlaceholderText": [Function],
  "queryAllByRole": [Function],
  "queryAllByTestId": [Function],
  "queryAllByText": [Function],
  "queryAllByTitle": [Function],
  "queryByAltText": [Function],
  "queryByDisplayValue": [Function],
  "queryByLabelText": [Function],
  "queryByPlaceholderText": [Function],
  "queryByRole": [Function],
  "queryByTestId": [Function],
  "queryByText": [Function],
  "queryByTitle": [Function],
  "rerender": [Function],
  "unmount": [Function],
}
`;
